**************************************************
Report         : passing_points

Reference      : r:/WORK/SYSTEM_TOP
Implementation : i:/WORK/SYSTEM_TOP
Version        : L-2016.03-SP1
Date           : Thu Aug 15 20:41:06 2024
**************************************************

352 Passing compare points:

  Ref  LAT        r:/WORK/SYSTEM_TOP/CLOCK_GATING/U0_TLATNCAX12M
  Impl LAT        i:/WORK/SYSTEM_TOP/CLOCK_GATING/U0_TLATNCAX12M

  Ref  DFF        r:/WORK/SYSTEM_TOP/ALU_RTL/ALU_OUT_VALID_reg
  Impl DFF        i:/WORK/SYSTEM_TOP/ALU_RTL/ALU_OUT_VALID_reg

  Ref  DFF        r:/WORK/SYSTEM_TOP/ALU_RTL/ALU_OUT_reg[0]
  Impl DFF        i:/WORK/SYSTEM_TOP/ALU_RTL/ALU_OUT_reg[0]

  Ref  DFF        r:/WORK/SYSTEM_TOP/ALU_RTL/ALU_OUT_reg[10]
  Impl DFF        i:/WORK/SYSTEM_TOP/ALU_RTL/ALU_OUT_reg[10]

  Ref  DFF        r:/WORK/SYSTEM_TOP/ALU_RTL/ALU_OUT_reg[11]
  Impl DFF        i:/WORK/SYSTEM_TOP/ALU_RTL/ALU_OUT_reg[11]

  Ref  DFF        r:/WORK/SYSTEM_TOP/ALU_RTL/ALU_OUT_reg[12]
  Impl DFF        i:/WORK/SYSTEM_TOP/ALU_RTL/ALU_OUT_reg[12]

  Ref  DFF        r:/WORK/SYSTEM_TOP/ALU_RTL/ALU_OUT_reg[13]
  Impl DFF        i:/WORK/SYSTEM_TOP/ALU_RTL/ALU_OUT_reg[13]

  Ref  DFF        r:/WORK/SYSTEM_TOP/ALU_RTL/ALU_OUT_reg[14]
  Impl DFF        i:/WORK/SYSTEM_TOP/ALU_RTL/ALU_OUT_reg[14]

  Ref  DFF        r:/WORK/SYSTEM_TOP/ALU_RTL/ALU_OUT_reg[15]
  Impl DFF        i:/WORK/SYSTEM_TOP/ALU_RTL/ALU_OUT_reg[15]

  Ref  DFF        r:/WORK/SYSTEM_TOP/ALU_RTL/ALU_OUT_reg[1]
  Impl DFF        i:/WORK/SYSTEM_TOP/ALU_RTL/ALU_OUT_reg[1]

  Ref  DFF        r:/WORK/SYSTEM_TOP/ALU_RTL/ALU_OUT_reg[2]
  Impl DFF        i:/WORK/SYSTEM_TOP/ALU_RTL/ALU_OUT_reg[2]

  Ref  DFF        r:/WORK/SYSTEM_TOP/ALU_RTL/ALU_OUT_reg[3]
  Impl DFF        i:/WORK/SYSTEM_TOP/ALU_RTL/ALU_OUT_reg[3]

  Ref  DFF        r:/WORK/SYSTEM_TOP/ALU_RTL/ALU_OUT_reg[4]
  Impl DFF        i:/WORK/SYSTEM_TOP/ALU_RTL/ALU_OUT_reg[4]

  Ref  DFF        r:/WORK/SYSTEM_TOP/ALU_RTL/ALU_OUT_reg[5]
  Impl DFF        i:/WORK/SYSTEM_TOP/ALU_RTL/ALU_OUT_reg[5]

  Ref  DFF        r:/WORK/SYSTEM_TOP/ALU_RTL/ALU_OUT_reg[6]
  Impl DFF        i:/WORK/SYSTEM_TOP/ALU_RTL/ALU_OUT_reg[6]

  Ref  DFF        r:/WORK/SYSTEM_TOP/ALU_RTL/ALU_OUT_reg[7]
  Impl DFF        i:/WORK/SYSTEM_TOP/ALU_RTL/ALU_OUT_reg[7]

  Ref  DFF        r:/WORK/SYSTEM_TOP/ALU_RTL/ALU_OUT_reg[8]
  Impl DFF        i:/WORK/SYSTEM_TOP/ALU_RTL/ALU_OUT_reg[8]

  Ref  DFF        r:/WORK/SYSTEM_TOP/ALU_RTL/ALU_OUT_reg[9]
  Impl DFF        i:/WORK/SYSTEM_TOP/ALU_RTL/ALU_OUT_reg[9]

  Ref  DFF        r:/WORK/SYSTEM_TOP/CLK_DIV_RX/counter_reg[0]
  Impl DFF        i:/WORK/SYSTEM_TOP/CLK_DIV_RX/counter_reg[0]

  Ref  DFF        r:/WORK/SYSTEM_TOP/CLK_DIV_RX/counter_reg[1]
  Impl DFF        i:/WORK/SYSTEM_TOP/CLK_DIV_RX/counter_reg[1]

  Ref  DFF        r:/WORK/SYSTEM_TOP/CLK_DIV_RX/counter_reg[2]
  Impl DFF        i:/WORK/SYSTEM_TOP/CLK_DIV_RX/counter_reg[2]

  Ref  DFF        r:/WORK/SYSTEM_TOP/CLK_DIV_RX/counter_reg[3]
  Impl DFF        i:/WORK/SYSTEM_TOP/CLK_DIV_RX/counter_reg[3]

  Ref  DFF        r:/WORK/SYSTEM_TOP/CLK_DIV_RX/counter_reg[4]
  Impl DFF        i:/WORK/SYSTEM_TOP/CLK_DIV_RX/counter_reg[4]

  Ref  DFF        r:/WORK/SYSTEM_TOP/CLK_DIV_RX/counter_reg[5]
  Impl DFF        i:/WORK/SYSTEM_TOP/CLK_DIV_RX/counter_reg[5]

  Ref  DFF        r:/WORK/SYSTEM_TOP/CLK_DIV_RX/counter_reg[6]
  Impl DFF        i:/WORK/SYSTEM_TOP/CLK_DIV_RX/counter_reg[6]

  Ref  DFF        r:/WORK/SYSTEM_TOP/CLK_DIV_RX/counter_reg[7]
  Impl DFF        i:/WORK/SYSTEM_TOP/CLK_DIV_RX/counter_reg[7]

  Ref  DFF        r:/WORK/SYSTEM_TOP/CLK_DIV_RX/flag_reg
  Impl DFF        i:/WORK/SYSTEM_TOP/CLK_DIV_RX/flag_reg

  Ref  DFF        r:/WORK/SYSTEM_TOP/CLK_DIV_RX/out_clk_reg
  Impl DFF        i:/WORK/SYSTEM_TOP/CLK_DIV_RX/out_clk_reg

  Ref  DFF        r:/WORK/SYSTEM_TOP/CLK_DIV_TX/counter_reg[0]
  Impl DFF        i:/WORK/SYSTEM_TOP/CLK_DIV_TX/counter_reg[0]

  Ref  DFF        r:/WORK/SYSTEM_TOP/CLK_DIV_TX/counter_reg[1]
  Impl DFF        i:/WORK/SYSTEM_TOP/CLK_DIV_TX/counter_reg[1]

  Ref  DFF        r:/WORK/SYSTEM_TOP/CLK_DIV_TX/counter_reg[2]
  Impl DFF        i:/WORK/SYSTEM_TOP/CLK_DIV_TX/counter_reg[2]

  Ref  DFF        r:/WORK/SYSTEM_TOP/CLK_DIV_TX/counter_reg[3]
  Impl DFF        i:/WORK/SYSTEM_TOP/CLK_DIV_TX/counter_reg[3]

  Ref  DFF        r:/WORK/SYSTEM_TOP/CLK_DIV_TX/counter_reg[4]
  Impl DFF        i:/WORK/SYSTEM_TOP/CLK_DIV_TX/counter_reg[4]

  Ref  DFF        r:/WORK/SYSTEM_TOP/CLK_DIV_TX/counter_reg[5]
  Impl DFF        i:/WORK/SYSTEM_TOP/CLK_DIV_TX/counter_reg[5]

  Ref  DFF        r:/WORK/SYSTEM_TOP/CLK_DIV_TX/counter_reg[6]
  Impl DFF        i:/WORK/SYSTEM_TOP/CLK_DIV_TX/counter_reg[6]

  Ref  DFF        r:/WORK/SYSTEM_TOP/CLK_DIV_TX/counter_reg[7]
  Impl DFF        i:/WORK/SYSTEM_TOP/CLK_DIV_TX/counter_reg[7]

  Ref  DFF        r:/WORK/SYSTEM_TOP/CLK_DIV_TX/flag_reg
  Impl DFF        i:/WORK/SYSTEM_TOP/CLK_DIV_TX/flag_reg

  Ref  DFF        r:/WORK/SYSTEM_TOP/CLK_DIV_TX/out_clk_reg
  Impl DFF        i:/WORK/SYSTEM_TOP/CLK_DIV_TX/out_clk_reg

  Ref  DFF        r:/WORK/SYSTEM_TOP/DATA_SYNC/SYNC_BUS_reg[0]
  Impl DFF        i:/WORK/SYSTEM_TOP/DATA_SYNC/SYNC_BUS_reg[0]

  Ref  DFF        r:/WORK/SYSTEM_TOP/DATA_SYNC/SYNC_BUS_reg[1]
  Impl DFF        i:/WORK/SYSTEM_TOP/DATA_SYNC/SYNC_BUS_reg[1]

  Ref  DFF        r:/WORK/SYSTEM_TOP/DATA_SYNC/SYNC_BUS_reg[2]
  Impl DFF        i:/WORK/SYSTEM_TOP/DATA_SYNC/SYNC_BUS_reg[2]

  Ref  DFF        r:/WORK/SYSTEM_TOP/DATA_SYNC/SYNC_BUS_reg[3]
  Impl DFF        i:/WORK/SYSTEM_TOP/DATA_SYNC/SYNC_BUS_reg[3]

  Ref  DFF        r:/WORK/SYSTEM_TOP/DATA_SYNC/SYNC_BUS_reg[4]
  Impl DFF        i:/WORK/SYSTEM_TOP/DATA_SYNC/SYNC_BUS_reg[4]

  Ref  DFF        r:/WORK/SYSTEM_TOP/DATA_SYNC/SYNC_BUS_reg[5]
  Impl DFF        i:/WORK/SYSTEM_TOP/DATA_SYNC/SYNC_BUS_reg[5]

  Ref  DFF        r:/WORK/SYSTEM_TOP/DATA_SYNC/SYNC_BUS_reg[6]
  Impl DFF        i:/WORK/SYSTEM_TOP/DATA_SYNC/SYNC_BUS_reg[6]

  Ref  DFF        r:/WORK/SYSTEM_TOP/DATA_SYNC/SYNC_BUS_reg[7]
  Impl DFF        i:/WORK/SYSTEM_TOP/DATA_SYNC/SYNC_BUS_reg[7]

  Ref  DFF        r:/WORK/SYSTEM_TOP/DATA_SYNC/bus_en_sync_reg[0]
  Impl DFF        i:/WORK/SYSTEM_TOP/DATA_SYNC/bus_en_sync_reg[0]

  Ref  DFF        r:/WORK/SYSTEM_TOP/DATA_SYNC/bus_en_sync_reg[1]
  Impl DFF        i:/WORK/SYSTEM_TOP/DATA_SYNC/bus_en_sync_reg[1]

  Ref  DFF        r:/WORK/SYSTEM_TOP/DATA_SYNC/enable_pulse_reg
  Impl DFF        i:/WORK/SYSTEM_TOP/DATA_SYNC/enable_pulse_reg

  Ref  DFF        r:/WORK/SYSTEM_TOP/DATA_SYNC/pulse_reg
  Impl DFF        i:/WORK/SYSTEM_TOP/DATA_SYNC/pulse_reg

  Ref  DFF        r:/WORK/SYSTEM_TOP/FIFO_TOP/DF_SYNC/RQ2_WPTR_reg[0]
  Impl DFF        i:/WORK/SYSTEM_TOP/FIFO_TOP/DF_SYNC/RQ2_WPTR_reg[0]

  Ref  DFF        r:/WORK/SYSTEM_TOP/FIFO_TOP/DF_SYNC/RQ2_WPTR_reg[1]
  Impl DFF        i:/WORK/SYSTEM_TOP/FIFO_TOP/DF_SYNC/RQ2_WPTR_reg[1]

  Ref  DFF        r:/WORK/SYSTEM_TOP/FIFO_TOP/DF_SYNC/RQ2_WPTR_reg[2]
  Impl DFF        i:/WORK/SYSTEM_TOP/FIFO_TOP/DF_SYNC/RQ2_WPTR_reg[2]

  Ref  DFF        r:/WORK/SYSTEM_TOP/FIFO_TOP/DF_SYNC/RQ2_WPTR_reg[3]
  Impl DFF        i:/WORK/SYSTEM_TOP/FIFO_TOP/DF_SYNC/RQ2_WPTR_reg[3]

  Ref  DFF        r:/WORK/SYSTEM_TOP/FIFO_TOP/DF_SYNC/R_SYNC_reg[0]
  Impl DFF        i:/WORK/SYSTEM_TOP/FIFO_TOP/DF_SYNC/R_SYNC_reg[0]

  Ref  DFF        r:/WORK/SYSTEM_TOP/FIFO_TOP/DF_SYNC/R_SYNC_reg[1]
  Impl DFF        i:/WORK/SYSTEM_TOP/FIFO_TOP/DF_SYNC/R_SYNC_reg[1]

  Ref  DFF        r:/WORK/SYSTEM_TOP/FIFO_TOP/DF_SYNC/R_SYNC_reg[2]
  Impl DFF        i:/WORK/SYSTEM_TOP/FIFO_TOP/DF_SYNC/R_SYNC_reg[2]

  Ref  DFF        r:/WORK/SYSTEM_TOP/FIFO_TOP/DF_SYNC/R_SYNC_reg[3]
  Impl DFF        i:/WORK/SYSTEM_TOP/FIFO_TOP/DF_SYNC/R_SYNC_reg[3]

  Ref  DFF        r:/WORK/SYSTEM_TOP/FIFO_TOP/DF_SYNC/WQ2_RPTR_reg[0]
  Impl DFF        i:/WORK/SYSTEM_TOP/FIFO_TOP/DF_SYNC/WQ2_RPTR_reg[0]

  Ref  DFF        r:/WORK/SYSTEM_TOP/FIFO_TOP/DF_SYNC/WQ2_RPTR_reg[1]
  Impl DFF        i:/WORK/SYSTEM_TOP/FIFO_TOP/DF_SYNC/WQ2_RPTR_reg[1]

  Ref  DFF        r:/WORK/SYSTEM_TOP/FIFO_TOP/DF_SYNC/WQ2_RPTR_reg[2]
  Impl DFF        i:/WORK/SYSTEM_TOP/FIFO_TOP/DF_SYNC/WQ2_RPTR_reg[2]

  Ref  DFF        r:/WORK/SYSTEM_TOP/FIFO_TOP/DF_SYNC/WQ2_RPTR_reg[3]
  Impl DFF        i:/WORK/SYSTEM_TOP/FIFO_TOP/DF_SYNC/WQ2_RPTR_reg[3]

  Ref  DFF        r:/WORK/SYSTEM_TOP/FIFO_TOP/DF_SYNC/W_SYNC_reg[0]
  Impl DFF        i:/WORK/SYSTEM_TOP/FIFO_TOP/DF_SYNC/W_SYNC_reg[0]

  Ref  DFF        r:/WORK/SYSTEM_TOP/FIFO_TOP/DF_SYNC/W_SYNC_reg[1]
  Impl DFF        i:/WORK/SYSTEM_TOP/FIFO_TOP/DF_SYNC/W_SYNC_reg[1]

  Ref  DFF        r:/WORK/SYSTEM_TOP/FIFO_TOP/DF_SYNC/W_SYNC_reg[2]
  Impl DFF        i:/WORK/SYSTEM_TOP/FIFO_TOP/DF_SYNC/W_SYNC_reg[2]

  Ref  DFF        r:/WORK/SYSTEM_TOP/FIFO_TOP/DF_SYNC/W_SYNC_reg[3]
  Impl DFF        i:/WORK/SYSTEM_TOP/FIFO_TOP/DF_SYNC/W_SYNC_reg[3]

  Ref  DFF        r:/WORK/SYSTEM_TOP/FIFO_TOP/FIFO_BUFFER/REG_reg[0][0]
  Impl DFF        i:/WORK/SYSTEM_TOP/FIFO_TOP/FIFO_BUFFER/REG_reg[0][0]

  Ref  DFF        r:/WORK/SYSTEM_TOP/FIFO_TOP/FIFO_BUFFER/REG_reg[0][1]
  Impl DFF        i:/WORK/SYSTEM_TOP/FIFO_TOP/FIFO_BUFFER/REG_reg[0][1]

  Ref  DFF        r:/WORK/SYSTEM_TOP/FIFO_TOP/FIFO_BUFFER/REG_reg[0][2]
  Impl DFF        i:/WORK/SYSTEM_TOP/FIFO_TOP/FIFO_BUFFER/REG_reg[0][2]

  Ref  DFF        r:/WORK/SYSTEM_TOP/FIFO_TOP/FIFO_BUFFER/REG_reg[0][3]
  Impl DFF        i:/WORK/SYSTEM_TOP/FIFO_TOP/FIFO_BUFFER/REG_reg[0][3]

  Ref  DFF        r:/WORK/SYSTEM_TOP/FIFO_TOP/FIFO_BUFFER/REG_reg[0][4]
  Impl DFF        i:/WORK/SYSTEM_TOP/FIFO_TOP/FIFO_BUFFER/REG_reg[0][4]

  Ref  DFF        r:/WORK/SYSTEM_TOP/FIFO_TOP/FIFO_BUFFER/REG_reg[0][5]
  Impl DFF        i:/WORK/SYSTEM_TOP/FIFO_TOP/FIFO_BUFFER/REG_reg[0][5]

  Ref  DFF        r:/WORK/SYSTEM_TOP/FIFO_TOP/FIFO_BUFFER/REG_reg[0][6]
  Impl DFF        i:/WORK/SYSTEM_TOP/FIFO_TOP/FIFO_BUFFER/REG_reg[0][6]

  Ref  DFF        r:/WORK/SYSTEM_TOP/FIFO_TOP/FIFO_BUFFER/REG_reg[0][7]
  Impl DFF        i:/WORK/SYSTEM_TOP/FIFO_TOP/FIFO_BUFFER/REG_reg[0][7]

  Ref  DFF        r:/WORK/SYSTEM_TOP/FIFO_TOP/FIFO_BUFFER/REG_reg[1][0]
  Impl DFF        i:/WORK/SYSTEM_TOP/FIFO_TOP/FIFO_BUFFER/REG_reg[1][0]

  Ref  DFF        r:/WORK/SYSTEM_TOP/FIFO_TOP/FIFO_BUFFER/REG_reg[1][1]
  Impl DFF        i:/WORK/SYSTEM_TOP/FIFO_TOP/FIFO_BUFFER/REG_reg[1][1]

  Ref  DFF        r:/WORK/SYSTEM_TOP/FIFO_TOP/FIFO_BUFFER/REG_reg[1][2]
  Impl DFF        i:/WORK/SYSTEM_TOP/FIFO_TOP/FIFO_BUFFER/REG_reg[1][2]

  Ref  DFF        r:/WORK/SYSTEM_TOP/FIFO_TOP/FIFO_BUFFER/REG_reg[1][3]
  Impl DFF        i:/WORK/SYSTEM_TOP/FIFO_TOP/FIFO_BUFFER/REG_reg[1][3]

  Ref  DFF        r:/WORK/SYSTEM_TOP/FIFO_TOP/FIFO_BUFFER/REG_reg[1][4]
  Impl DFF        i:/WORK/SYSTEM_TOP/FIFO_TOP/FIFO_BUFFER/REG_reg[1][4]

  Ref  DFF        r:/WORK/SYSTEM_TOP/FIFO_TOP/FIFO_BUFFER/REG_reg[1][5]
  Impl DFF        i:/WORK/SYSTEM_TOP/FIFO_TOP/FIFO_BUFFER/REG_reg[1][5]

  Ref  DFF        r:/WORK/SYSTEM_TOP/FIFO_TOP/FIFO_BUFFER/REG_reg[1][6]
  Impl DFF        i:/WORK/SYSTEM_TOP/FIFO_TOP/FIFO_BUFFER/REG_reg[1][6]

  Ref  DFF        r:/WORK/SYSTEM_TOP/FIFO_TOP/FIFO_BUFFER/REG_reg[1][7]
  Impl DFF        i:/WORK/SYSTEM_TOP/FIFO_TOP/FIFO_BUFFER/REG_reg[1][7]

  Ref  DFF        r:/WORK/SYSTEM_TOP/FIFO_TOP/FIFO_BUFFER/REG_reg[2][0]
  Impl DFF        i:/WORK/SYSTEM_TOP/FIFO_TOP/FIFO_BUFFER/REG_reg[2][0]

  Ref  DFF        r:/WORK/SYSTEM_TOP/FIFO_TOP/FIFO_BUFFER/REG_reg[2][1]
  Impl DFF        i:/WORK/SYSTEM_TOP/FIFO_TOP/FIFO_BUFFER/REG_reg[2][1]

  Ref  DFF        r:/WORK/SYSTEM_TOP/FIFO_TOP/FIFO_BUFFER/REG_reg[2][2]
  Impl DFF        i:/WORK/SYSTEM_TOP/FIFO_TOP/FIFO_BUFFER/REG_reg[2][2]

  Ref  DFF        r:/WORK/SYSTEM_TOP/FIFO_TOP/FIFO_BUFFER/REG_reg[2][3]
  Impl DFF        i:/WORK/SYSTEM_TOP/FIFO_TOP/FIFO_BUFFER/REG_reg[2][3]

  Ref  DFF        r:/WORK/SYSTEM_TOP/FIFO_TOP/FIFO_BUFFER/REG_reg[2][4]
  Impl DFF        i:/WORK/SYSTEM_TOP/FIFO_TOP/FIFO_BUFFER/REG_reg[2][4]

  Ref  DFF        r:/WORK/SYSTEM_TOP/FIFO_TOP/FIFO_BUFFER/REG_reg[2][5]
  Impl DFF        i:/WORK/SYSTEM_TOP/FIFO_TOP/FIFO_BUFFER/REG_reg[2][5]

  Ref  DFF        r:/WORK/SYSTEM_TOP/FIFO_TOP/FIFO_BUFFER/REG_reg[2][6]
  Impl DFF        i:/WORK/SYSTEM_TOP/FIFO_TOP/FIFO_BUFFER/REG_reg[2][6]

  Ref  DFF        r:/WORK/SYSTEM_TOP/FIFO_TOP/FIFO_BUFFER/REG_reg[2][7]
  Impl DFF        i:/WORK/SYSTEM_TOP/FIFO_TOP/FIFO_BUFFER/REG_reg[2][7]

  Ref  DFF        r:/WORK/SYSTEM_TOP/FIFO_TOP/FIFO_BUFFER/REG_reg[3][0]
  Impl DFF        i:/WORK/SYSTEM_TOP/FIFO_TOP/FIFO_BUFFER/REG_reg[3][0]

  Ref  DFF        r:/WORK/SYSTEM_TOP/FIFO_TOP/FIFO_BUFFER/REG_reg[3][1]
  Impl DFF        i:/WORK/SYSTEM_TOP/FIFO_TOP/FIFO_BUFFER/REG_reg[3][1]

  Ref  DFF        r:/WORK/SYSTEM_TOP/FIFO_TOP/FIFO_BUFFER/REG_reg[3][2]
  Impl DFF        i:/WORK/SYSTEM_TOP/FIFO_TOP/FIFO_BUFFER/REG_reg[3][2]

  Ref  DFF        r:/WORK/SYSTEM_TOP/FIFO_TOP/FIFO_BUFFER/REG_reg[3][3]
  Impl DFF        i:/WORK/SYSTEM_TOP/FIFO_TOP/FIFO_BUFFER/REG_reg[3][3]

  Ref  DFF        r:/WORK/SYSTEM_TOP/FIFO_TOP/FIFO_BUFFER/REG_reg[3][4]
  Impl DFF        i:/WORK/SYSTEM_TOP/FIFO_TOP/FIFO_BUFFER/REG_reg[3][4]

  Ref  DFF        r:/WORK/SYSTEM_TOP/FIFO_TOP/FIFO_BUFFER/REG_reg[3][5]
  Impl DFF        i:/WORK/SYSTEM_TOP/FIFO_TOP/FIFO_BUFFER/REG_reg[3][5]

  Ref  DFF        r:/WORK/SYSTEM_TOP/FIFO_TOP/FIFO_BUFFER/REG_reg[3][6]
  Impl DFF        i:/WORK/SYSTEM_TOP/FIFO_TOP/FIFO_BUFFER/REG_reg[3][6]

  Ref  DFF        r:/WORK/SYSTEM_TOP/FIFO_TOP/FIFO_BUFFER/REG_reg[3][7]
  Impl DFF        i:/WORK/SYSTEM_TOP/FIFO_TOP/FIFO_BUFFER/REG_reg[3][7]

  Ref  DFF        r:/WORK/SYSTEM_TOP/FIFO_TOP/FIFO_BUFFER/REG_reg[4][0]
  Impl DFF        i:/WORK/SYSTEM_TOP/FIFO_TOP/FIFO_BUFFER/REG_reg[4][0]

  Ref  DFF        r:/WORK/SYSTEM_TOP/FIFO_TOP/FIFO_BUFFER/REG_reg[4][1]
  Impl DFF        i:/WORK/SYSTEM_TOP/FIFO_TOP/FIFO_BUFFER/REG_reg[4][1]

  Ref  DFF        r:/WORK/SYSTEM_TOP/FIFO_TOP/FIFO_BUFFER/REG_reg[4][2]
  Impl DFF        i:/WORK/SYSTEM_TOP/FIFO_TOP/FIFO_BUFFER/REG_reg[4][2]

  Ref  DFF        r:/WORK/SYSTEM_TOP/FIFO_TOP/FIFO_BUFFER/REG_reg[4][3]
  Impl DFF        i:/WORK/SYSTEM_TOP/FIFO_TOP/FIFO_BUFFER/REG_reg[4][3]

  Ref  DFF        r:/WORK/SYSTEM_TOP/FIFO_TOP/FIFO_BUFFER/REG_reg[4][4]
  Impl DFF        i:/WORK/SYSTEM_TOP/FIFO_TOP/FIFO_BUFFER/REG_reg[4][4]

  Ref  DFF        r:/WORK/SYSTEM_TOP/FIFO_TOP/FIFO_BUFFER/REG_reg[4][5]
  Impl DFF        i:/WORK/SYSTEM_TOP/FIFO_TOP/FIFO_BUFFER/REG_reg[4][5]

  Ref  DFF        r:/WORK/SYSTEM_TOP/FIFO_TOP/FIFO_BUFFER/REG_reg[4][6]
  Impl DFF        i:/WORK/SYSTEM_TOP/FIFO_TOP/FIFO_BUFFER/REG_reg[4][6]

  Ref  DFF        r:/WORK/SYSTEM_TOP/FIFO_TOP/FIFO_BUFFER/REG_reg[4][7]
  Impl DFF        i:/WORK/SYSTEM_TOP/FIFO_TOP/FIFO_BUFFER/REG_reg[4][7]

  Ref  DFF        r:/WORK/SYSTEM_TOP/FIFO_TOP/FIFO_BUFFER/REG_reg[5][0]
  Impl DFF        i:/WORK/SYSTEM_TOP/FIFO_TOP/FIFO_BUFFER/REG_reg[5][0]

  Ref  DFF        r:/WORK/SYSTEM_TOP/FIFO_TOP/FIFO_BUFFER/REG_reg[5][1]
  Impl DFF        i:/WORK/SYSTEM_TOP/FIFO_TOP/FIFO_BUFFER/REG_reg[5][1]

  Ref  DFF        r:/WORK/SYSTEM_TOP/FIFO_TOP/FIFO_BUFFER/REG_reg[5][2]
  Impl DFF        i:/WORK/SYSTEM_TOP/FIFO_TOP/FIFO_BUFFER/REG_reg[5][2]

  Ref  DFF        r:/WORK/SYSTEM_TOP/FIFO_TOP/FIFO_BUFFER/REG_reg[5][3]
  Impl DFF        i:/WORK/SYSTEM_TOP/FIFO_TOP/FIFO_BUFFER/REG_reg[5][3]

  Ref  DFF        r:/WORK/SYSTEM_TOP/FIFO_TOP/FIFO_BUFFER/REG_reg[5][4]
  Impl DFF        i:/WORK/SYSTEM_TOP/FIFO_TOP/FIFO_BUFFER/REG_reg[5][4]

  Ref  DFF        r:/WORK/SYSTEM_TOP/FIFO_TOP/FIFO_BUFFER/REG_reg[5][5]
  Impl DFF        i:/WORK/SYSTEM_TOP/FIFO_TOP/FIFO_BUFFER/REG_reg[5][5]

  Ref  DFF        r:/WORK/SYSTEM_TOP/FIFO_TOP/FIFO_BUFFER/REG_reg[5][6]
  Impl DFF        i:/WORK/SYSTEM_TOP/FIFO_TOP/FIFO_BUFFER/REG_reg[5][6]

  Ref  DFF        r:/WORK/SYSTEM_TOP/FIFO_TOP/FIFO_BUFFER/REG_reg[5][7]
  Impl DFF        i:/WORK/SYSTEM_TOP/FIFO_TOP/FIFO_BUFFER/REG_reg[5][7]

  Ref  DFF        r:/WORK/SYSTEM_TOP/FIFO_TOP/FIFO_BUFFER/REG_reg[6][0]
  Impl DFF        i:/WORK/SYSTEM_TOP/FIFO_TOP/FIFO_BUFFER/REG_reg[6][0]

  Ref  DFF        r:/WORK/SYSTEM_TOP/FIFO_TOP/FIFO_BUFFER/REG_reg[6][1]
  Impl DFF        i:/WORK/SYSTEM_TOP/FIFO_TOP/FIFO_BUFFER/REG_reg[6][1]

  Ref  DFF        r:/WORK/SYSTEM_TOP/FIFO_TOP/FIFO_BUFFER/REG_reg[6][2]
  Impl DFF        i:/WORK/SYSTEM_TOP/FIFO_TOP/FIFO_BUFFER/REG_reg[6][2]

  Ref  DFF        r:/WORK/SYSTEM_TOP/FIFO_TOP/FIFO_BUFFER/REG_reg[6][3]
  Impl DFF        i:/WORK/SYSTEM_TOP/FIFO_TOP/FIFO_BUFFER/REG_reg[6][3]

  Ref  DFF        r:/WORK/SYSTEM_TOP/FIFO_TOP/FIFO_BUFFER/REG_reg[6][4]
  Impl DFF        i:/WORK/SYSTEM_TOP/FIFO_TOP/FIFO_BUFFER/REG_reg[6][4]

  Ref  DFF        r:/WORK/SYSTEM_TOP/FIFO_TOP/FIFO_BUFFER/REG_reg[6][5]
  Impl DFF        i:/WORK/SYSTEM_TOP/FIFO_TOP/FIFO_BUFFER/REG_reg[6][5]

  Ref  DFF        r:/WORK/SYSTEM_TOP/FIFO_TOP/FIFO_BUFFER/REG_reg[6][6]
  Impl DFF        i:/WORK/SYSTEM_TOP/FIFO_TOP/FIFO_BUFFER/REG_reg[6][6]

  Ref  DFF        r:/WORK/SYSTEM_TOP/FIFO_TOP/FIFO_BUFFER/REG_reg[6][7]
  Impl DFF        i:/WORK/SYSTEM_TOP/FIFO_TOP/FIFO_BUFFER/REG_reg[6][7]

  Ref  DFF        r:/WORK/SYSTEM_TOP/FIFO_TOP/FIFO_BUFFER/REG_reg[7][0]
  Impl DFF        i:/WORK/SYSTEM_TOP/FIFO_TOP/FIFO_BUFFER/REG_reg[7][0]

  Ref  DFF        r:/WORK/SYSTEM_TOP/FIFO_TOP/FIFO_BUFFER/REG_reg[7][1]
  Impl DFF        i:/WORK/SYSTEM_TOP/FIFO_TOP/FIFO_BUFFER/REG_reg[7][1]

  Ref  DFF        r:/WORK/SYSTEM_TOP/FIFO_TOP/FIFO_BUFFER/REG_reg[7][2]
  Impl DFF        i:/WORK/SYSTEM_TOP/FIFO_TOP/FIFO_BUFFER/REG_reg[7][2]

  Ref  DFF        r:/WORK/SYSTEM_TOP/FIFO_TOP/FIFO_BUFFER/REG_reg[7][3]
  Impl DFF        i:/WORK/SYSTEM_TOP/FIFO_TOP/FIFO_BUFFER/REG_reg[7][3]

  Ref  DFF        r:/WORK/SYSTEM_TOP/FIFO_TOP/FIFO_BUFFER/REG_reg[7][4]
  Impl DFF        i:/WORK/SYSTEM_TOP/FIFO_TOP/FIFO_BUFFER/REG_reg[7][4]

  Ref  DFF        r:/WORK/SYSTEM_TOP/FIFO_TOP/FIFO_BUFFER/REG_reg[7][5]
  Impl DFF        i:/WORK/SYSTEM_TOP/FIFO_TOP/FIFO_BUFFER/REG_reg[7][5]

  Ref  DFF        r:/WORK/SYSTEM_TOP/FIFO_TOP/FIFO_BUFFER/REG_reg[7][6]
  Impl DFF        i:/WORK/SYSTEM_TOP/FIFO_TOP/FIFO_BUFFER/REG_reg[7][6]

  Ref  DFF        r:/WORK/SYSTEM_TOP/FIFO_TOP/FIFO_BUFFER/REG_reg[7][7]
  Impl DFF        i:/WORK/SYSTEM_TOP/FIFO_TOP/FIFO_BUFFER/REG_reg[7][7]

  Ref  DFF        r:/WORK/SYSTEM_TOP/FIFO_TOP/FIFO_BUFFER/R_DATA_reg[0]
  Impl DFF        i:/WORK/SYSTEM_TOP/FIFO_TOP/FIFO_BUFFER/R_DATA_reg[0]

  Ref  DFF        r:/WORK/SYSTEM_TOP/FIFO_TOP/FIFO_BUFFER/R_DATA_reg[1]
  Impl DFF        i:/WORK/SYSTEM_TOP/FIFO_TOP/FIFO_BUFFER/R_DATA_reg[1]

  Ref  DFF        r:/WORK/SYSTEM_TOP/FIFO_TOP/FIFO_BUFFER/R_DATA_reg[2]
  Impl DFF        i:/WORK/SYSTEM_TOP/FIFO_TOP/FIFO_BUFFER/R_DATA_reg[2]

  Ref  DFF        r:/WORK/SYSTEM_TOP/FIFO_TOP/FIFO_BUFFER/R_DATA_reg[3]
  Impl DFF        i:/WORK/SYSTEM_TOP/FIFO_TOP/FIFO_BUFFER/R_DATA_reg[3]

  Ref  DFF        r:/WORK/SYSTEM_TOP/FIFO_TOP/FIFO_BUFFER/R_DATA_reg[4]
  Impl DFF        i:/WORK/SYSTEM_TOP/FIFO_TOP/FIFO_BUFFER/R_DATA_reg[4]

  Ref  DFF        r:/WORK/SYSTEM_TOP/FIFO_TOP/FIFO_BUFFER/R_DATA_reg[5]
  Impl DFF        i:/WORK/SYSTEM_TOP/FIFO_TOP/FIFO_BUFFER/R_DATA_reg[5]

  Ref  DFF        r:/WORK/SYSTEM_TOP/FIFO_TOP/FIFO_BUFFER/R_DATA_reg[6]
  Impl DFF        i:/WORK/SYSTEM_TOP/FIFO_TOP/FIFO_BUFFER/R_DATA_reg[6]

  Ref  DFF        r:/WORK/SYSTEM_TOP/FIFO_TOP/FIFO_BUFFER/R_DATA_reg[7]
  Impl DFF        i:/WORK/SYSTEM_TOP/FIFO_TOP/FIFO_BUFFER/R_DATA_reg[7]

  Ref  DFF        r:/WORK/SYSTEM_TOP/FIFO_TOP/FIFO_RD/add_ptrr_reg[0]
  Impl DFF        i:/WORK/SYSTEM_TOP/FIFO_TOP/FIFO_RD/add_ptrr_reg[0]

  Ref  DFF        r:/WORK/SYSTEM_TOP/FIFO_TOP/FIFO_RD/add_ptrr_reg[1]
  Impl DFF        i:/WORK/SYSTEM_TOP/FIFO_TOP/FIFO_RD/add_ptrr_reg[1]

  Ref  DFF        r:/WORK/SYSTEM_TOP/FIFO_TOP/FIFO_RD/add_ptrr_reg[2]
  Impl DFF        i:/WORK/SYSTEM_TOP/FIFO_TOP/FIFO_RD/add_ptrr_reg[2]

  Ref  DFF        r:/WORK/SYSTEM_TOP/FIFO_TOP/FIFO_RD/add_ptrr_reg[3]
  Impl DFF        i:/WORK/SYSTEM_TOP/FIFO_TOP/FIFO_RD/add_ptrr_reg[3]

  Ref  DFF        r:/WORK/SYSTEM_TOP/FIFO_TOP/FIFO_WR/add_ptr_reg[0]
  Impl DFF        i:/WORK/SYSTEM_TOP/FIFO_TOP/FIFO_WR/add_ptr_reg[0]

  Ref  DFF        r:/WORK/SYSTEM_TOP/FIFO_TOP/FIFO_WR/add_ptr_reg[1]
  Impl DFF        i:/WORK/SYSTEM_TOP/FIFO_TOP/FIFO_WR/add_ptr_reg[1]

  Ref  DFF        r:/WORK/SYSTEM_TOP/FIFO_TOP/FIFO_WR/add_ptr_reg[2]
  Impl DFF        i:/WORK/SYSTEM_TOP/FIFO_TOP/FIFO_WR/add_ptr_reg[2]

  Ref  DFF        r:/WORK/SYSTEM_TOP/FIFO_TOP/FIFO_WR/add_ptr_reg[3]
  Impl DFF        i:/WORK/SYSTEM_TOP/FIFO_TOP/FIFO_WR/add_ptr_reg[3]

  Ref  DFF        r:/WORK/SYSTEM_TOP/PULSE_GENRATOR_BLOCK/BEFORE_INV_reg
  Impl DFF        i:/WORK/SYSTEM_TOP/PULSE_GENRATOR_BLOCK/BEFORE_INV_reg

  Ref  DFF        r:/WORK/SYSTEM_TOP/PULSE_GENRATOR_BLOCK/RINC_reg
  Impl DFF        i:/WORK/SYSTEM_TOP/PULSE_GENRATOR_BLOCK/RINC_reg

  Ref  DFF        r:/WORK/SYSTEM_TOP/RESET_SYNC_1/RST_SYNC_reg
  Impl DFF        i:/WORK/SYSTEM_TOP/RESET_SYNC_1/RST_SYNC_reg

  Ref  DFF        r:/WORK/SYSTEM_TOP/RESET_SYNC_1/SYNC_BUS_reg[0]
  Impl DFF        i:/WORK/SYSTEM_TOP/RESET_SYNC_1/SYNC_BUS_reg[0]

  Ref  DFF        r:/WORK/SYSTEM_TOP/RESET_SYNC_1/SYNC_BUS_reg[1]
  Impl DFF        i:/WORK/SYSTEM_TOP/RESET_SYNC_1/SYNC_BUS_reg[1]

  Ref  DFF        r:/WORK/SYSTEM_TOP/RESET_SYNC_2/RST_SYNC_reg
  Impl DFF        i:/WORK/SYSTEM_TOP/RESET_SYNC_2/RST_SYNC_reg

  Ref  DFF        r:/WORK/SYSTEM_TOP/RESET_SYNC_2/SYNC_BUS_reg[0]
  Impl DFF        i:/WORK/SYSTEM_TOP/RESET_SYNC_2/SYNC_BUS_reg[0]

  Ref  DFF        r:/WORK/SYSTEM_TOP/RESET_SYNC_2/SYNC_BUS_reg[1]
  Impl DFF        i:/WORK/SYSTEM_TOP/RESET_SYNC_2/SYNC_BUS_reg[1]

  Ref  DFF        r:/WORK/SYSTEM_TOP/Reg_file/R_DATA_VALID_reg
  Impl DFF        i:/WORK/SYSTEM_TOP/Reg_file/R_DATA_VALID_reg

  Ref  DFF        r:/WORK/SYSTEM_TOP/Reg_file/R_REG_DATA_reg[0]
  Impl DFF        i:/WORK/SYSTEM_TOP/Reg_file/R_REG_DATA_reg[0]

  Ref  DFF        r:/WORK/SYSTEM_TOP/Reg_file/R_REG_DATA_reg[1]
  Impl DFF        i:/WORK/SYSTEM_TOP/Reg_file/R_REG_DATA_reg[1]

  Ref  DFF        r:/WORK/SYSTEM_TOP/Reg_file/R_REG_DATA_reg[2]
  Impl DFF        i:/WORK/SYSTEM_TOP/Reg_file/R_REG_DATA_reg[2]

  Ref  DFF        r:/WORK/SYSTEM_TOP/Reg_file/R_REG_DATA_reg[3]
  Impl DFF        i:/WORK/SYSTEM_TOP/Reg_file/R_REG_DATA_reg[3]

  Ref  DFF        r:/WORK/SYSTEM_TOP/Reg_file/R_REG_DATA_reg[4]
  Impl DFF        i:/WORK/SYSTEM_TOP/Reg_file/R_REG_DATA_reg[4]

  Ref  DFF        r:/WORK/SYSTEM_TOP/Reg_file/R_REG_DATA_reg[5]
  Impl DFF        i:/WORK/SYSTEM_TOP/Reg_file/R_REG_DATA_reg[5]

  Ref  DFF        r:/WORK/SYSTEM_TOP/Reg_file/R_REG_DATA_reg[6]
  Impl DFF        i:/WORK/SYSTEM_TOP/Reg_file/R_REG_DATA_reg[6]

  Ref  DFF        r:/WORK/SYSTEM_TOP/Reg_file/R_REG_DATA_reg[7]
  Impl DFF        i:/WORK/SYSTEM_TOP/Reg_file/R_REG_DATA_reg[7]

  Ref  DFF        r:/WORK/SYSTEM_TOP/Reg_file/Reg_file_reg[0][0]
  Impl DFF        i:/WORK/SYSTEM_TOP/Reg_file/Reg_file_reg[0][0]

  Ref  DFF        r:/WORK/SYSTEM_TOP/Reg_file/Reg_file_reg[0][1]
  Impl DFF        i:/WORK/SYSTEM_TOP/Reg_file/Reg_file_reg[0][1]

  Ref  DFF        r:/WORK/SYSTEM_TOP/Reg_file/Reg_file_reg[0][2]
  Impl DFF        i:/WORK/SYSTEM_TOP/Reg_file/Reg_file_reg[0][2]

  Ref  DFF        r:/WORK/SYSTEM_TOP/Reg_file/Reg_file_reg[0][3]
  Impl DFF        i:/WORK/SYSTEM_TOP/Reg_file/Reg_file_reg[0][3]

  Ref  DFF        r:/WORK/SYSTEM_TOP/Reg_file/Reg_file_reg[0][4]
  Impl DFF        i:/WORK/SYSTEM_TOP/Reg_file/Reg_file_reg[0][4]

  Ref  DFF        r:/WORK/SYSTEM_TOP/Reg_file/Reg_file_reg[0][5]
  Impl DFF        i:/WORK/SYSTEM_TOP/Reg_file/Reg_file_reg[0][5]

  Ref  DFF        r:/WORK/SYSTEM_TOP/Reg_file/Reg_file_reg[0][6]
  Impl DFF        i:/WORK/SYSTEM_TOP/Reg_file/Reg_file_reg[0][6]

  Ref  DFF        r:/WORK/SYSTEM_TOP/Reg_file/Reg_file_reg[0][7]
  Impl DFF        i:/WORK/SYSTEM_TOP/Reg_file/Reg_file_reg[0][7]

  Ref  DFF        r:/WORK/SYSTEM_TOP/Reg_file/Reg_file_reg[10][0]
  Impl DFF        i:/WORK/SYSTEM_TOP/Reg_file/Reg_file_reg[10][0]

  Ref  DFF        r:/WORK/SYSTEM_TOP/Reg_file/Reg_file_reg[10][1]
  Impl DFF        i:/WORK/SYSTEM_TOP/Reg_file/Reg_file_reg[10][1]

  Ref  DFF        r:/WORK/SYSTEM_TOP/Reg_file/Reg_file_reg[10][2]
  Impl DFF        i:/WORK/SYSTEM_TOP/Reg_file/Reg_file_reg[10][2]

  Ref  DFF        r:/WORK/SYSTEM_TOP/Reg_file/Reg_file_reg[10][3]
  Impl DFF        i:/WORK/SYSTEM_TOP/Reg_file/Reg_file_reg[10][3]

  Ref  DFF        r:/WORK/SYSTEM_TOP/Reg_file/Reg_file_reg[10][4]
  Impl DFF        i:/WORK/SYSTEM_TOP/Reg_file/Reg_file_reg[10][4]

  Ref  DFF        r:/WORK/SYSTEM_TOP/Reg_file/Reg_file_reg[10][5]
  Impl DFF        i:/WORK/SYSTEM_TOP/Reg_file/Reg_file_reg[10][5]

  Ref  DFF        r:/WORK/SYSTEM_TOP/Reg_file/Reg_file_reg[10][6]
  Impl DFF        i:/WORK/SYSTEM_TOP/Reg_file/Reg_file_reg[10][6]

  Ref  DFF        r:/WORK/SYSTEM_TOP/Reg_file/Reg_file_reg[10][7]
  Impl DFF        i:/WORK/SYSTEM_TOP/Reg_file/Reg_file_reg[10][7]

  Ref  DFF        r:/WORK/SYSTEM_TOP/Reg_file/Reg_file_reg[11][0]
  Impl DFF        i:/WORK/SYSTEM_TOP/Reg_file/Reg_file_reg[11][0]

  Ref  DFF        r:/WORK/SYSTEM_TOP/Reg_file/Reg_file_reg[11][1]
  Impl DFF        i:/WORK/SYSTEM_TOP/Reg_file/Reg_file_reg[11][1]

  Ref  DFF        r:/WORK/SYSTEM_TOP/Reg_file/Reg_file_reg[11][2]
  Impl DFF        i:/WORK/SYSTEM_TOP/Reg_file/Reg_file_reg[11][2]

  Ref  DFF        r:/WORK/SYSTEM_TOP/Reg_file/Reg_file_reg[11][3]
  Impl DFF        i:/WORK/SYSTEM_TOP/Reg_file/Reg_file_reg[11][3]

  Ref  DFF        r:/WORK/SYSTEM_TOP/Reg_file/Reg_file_reg[11][4]
  Impl DFF        i:/WORK/SYSTEM_TOP/Reg_file/Reg_file_reg[11][4]

  Ref  DFF        r:/WORK/SYSTEM_TOP/Reg_file/Reg_file_reg[11][5]
  Impl DFF        i:/WORK/SYSTEM_TOP/Reg_file/Reg_file_reg[11][5]

  Ref  DFF        r:/WORK/SYSTEM_TOP/Reg_file/Reg_file_reg[11][6]
  Impl DFF        i:/WORK/SYSTEM_TOP/Reg_file/Reg_file_reg[11][6]

  Ref  DFF        r:/WORK/SYSTEM_TOP/Reg_file/Reg_file_reg[11][7]
  Impl DFF        i:/WORK/SYSTEM_TOP/Reg_file/Reg_file_reg[11][7]

  Ref  DFF        r:/WORK/SYSTEM_TOP/Reg_file/Reg_file_reg[12][0]
  Impl DFF        i:/WORK/SYSTEM_TOP/Reg_file/Reg_file_reg[12][0]

  Ref  DFF        r:/WORK/SYSTEM_TOP/Reg_file/Reg_file_reg[12][1]
  Impl DFF        i:/WORK/SYSTEM_TOP/Reg_file/Reg_file_reg[12][1]

  Ref  DFF        r:/WORK/SYSTEM_TOP/Reg_file/Reg_file_reg[12][2]
  Impl DFF        i:/WORK/SYSTEM_TOP/Reg_file/Reg_file_reg[12][2]

  Ref  DFF        r:/WORK/SYSTEM_TOP/Reg_file/Reg_file_reg[12][3]
  Impl DFF        i:/WORK/SYSTEM_TOP/Reg_file/Reg_file_reg[12][3]

  Ref  DFF        r:/WORK/SYSTEM_TOP/Reg_file/Reg_file_reg[12][4]
  Impl DFF        i:/WORK/SYSTEM_TOP/Reg_file/Reg_file_reg[12][4]

  Ref  DFF        r:/WORK/SYSTEM_TOP/Reg_file/Reg_file_reg[12][5]
  Impl DFF        i:/WORK/SYSTEM_TOP/Reg_file/Reg_file_reg[12][5]

  Ref  DFF        r:/WORK/SYSTEM_TOP/Reg_file/Reg_file_reg[12][6]
  Impl DFF        i:/WORK/SYSTEM_TOP/Reg_file/Reg_file_reg[12][6]

  Ref  DFF        r:/WORK/SYSTEM_TOP/Reg_file/Reg_file_reg[12][7]
  Impl DFF        i:/WORK/SYSTEM_TOP/Reg_file/Reg_file_reg[12][7]

  Ref  DFF        r:/WORK/SYSTEM_TOP/Reg_file/Reg_file_reg[13][0]
  Impl DFF        i:/WORK/SYSTEM_TOP/Reg_file/Reg_file_reg[13][0]

  Ref  DFF        r:/WORK/SYSTEM_TOP/Reg_file/Reg_file_reg[13][1]
  Impl DFF        i:/WORK/SYSTEM_TOP/Reg_file/Reg_file_reg[13][1]

  Ref  DFF        r:/WORK/SYSTEM_TOP/Reg_file/Reg_file_reg[13][2]
  Impl DFF        i:/WORK/SYSTEM_TOP/Reg_file/Reg_file_reg[13][2]

  Ref  DFF        r:/WORK/SYSTEM_TOP/Reg_file/Reg_file_reg[13][3]
  Impl DFF        i:/WORK/SYSTEM_TOP/Reg_file/Reg_file_reg[13][3]

  Ref  DFF        r:/WORK/SYSTEM_TOP/Reg_file/Reg_file_reg[13][4]
  Impl DFF        i:/WORK/SYSTEM_TOP/Reg_file/Reg_file_reg[13][4]

  Ref  DFF        r:/WORK/SYSTEM_TOP/Reg_file/Reg_file_reg[13][5]
  Impl DFF        i:/WORK/SYSTEM_TOP/Reg_file/Reg_file_reg[13][5]

  Ref  DFF        r:/WORK/SYSTEM_TOP/Reg_file/Reg_file_reg[13][6]
  Impl DFF        i:/WORK/SYSTEM_TOP/Reg_file/Reg_file_reg[13][6]

  Ref  DFF        r:/WORK/SYSTEM_TOP/Reg_file/Reg_file_reg[13][7]
  Impl DFF        i:/WORK/SYSTEM_TOP/Reg_file/Reg_file_reg[13][7]

  Ref  DFF        r:/WORK/SYSTEM_TOP/Reg_file/Reg_file_reg[14][0]
  Impl DFF        i:/WORK/SYSTEM_TOP/Reg_file/Reg_file_reg[14][0]

  Ref  DFF        r:/WORK/SYSTEM_TOP/Reg_file/Reg_file_reg[14][1]
  Impl DFF        i:/WORK/SYSTEM_TOP/Reg_file/Reg_file_reg[14][1]

  Ref  DFF        r:/WORK/SYSTEM_TOP/Reg_file/Reg_file_reg[14][2]
  Impl DFF        i:/WORK/SYSTEM_TOP/Reg_file/Reg_file_reg[14][2]

  Ref  DFF        r:/WORK/SYSTEM_TOP/Reg_file/Reg_file_reg[14][3]
  Impl DFF        i:/WORK/SYSTEM_TOP/Reg_file/Reg_file_reg[14][3]

  Ref  DFF        r:/WORK/SYSTEM_TOP/Reg_file/Reg_file_reg[14][4]
  Impl DFF        i:/WORK/SYSTEM_TOP/Reg_file/Reg_file_reg[14][4]

  Ref  DFF        r:/WORK/SYSTEM_TOP/Reg_file/Reg_file_reg[14][5]
  Impl DFF        i:/WORK/SYSTEM_TOP/Reg_file/Reg_file_reg[14][5]

  Ref  DFF        r:/WORK/SYSTEM_TOP/Reg_file/Reg_file_reg[14][6]
  Impl DFF        i:/WORK/SYSTEM_TOP/Reg_file/Reg_file_reg[14][6]

  Ref  DFF        r:/WORK/SYSTEM_TOP/Reg_file/Reg_file_reg[14][7]
  Impl DFF        i:/WORK/SYSTEM_TOP/Reg_file/Reg_file_reg[14][7]

  Ref  DFF        r:/WORK/SYSTEM_TOP/Reg_file/Reg_file_reg[15][0]
  Impl DFF        i:/WORK/SYSTEM_TOP/Reg_file/Reg_file_reg[15][0]

  Ref  DFF        r:/WORK/SYSTEM_TOP/Reg_file/Reg_file_reg[15][1]
  Impl DFF        i:/WORK/SYSTEM_TOP/Reg_file/Reg_file_reg[15][1]

  Ref  DFF        r:/WORK/SYSTEM_TOP/Reg_file/Reg_file_reg[15][2]
  Impl DFF        i:/WORK/SYSTEM_TOP/Reg_file/Reg_file_reg[15][2]

  Ref  DFF        r:/WORK/SYSTEM_TOP/Reg_file/Reg_file_reg[15][3]
  Impl DFF        i:/WORK/SYSTEM_TOP/Reg_file/Reg_file_reg[15][3]

  Ref  DFF        r:/WORK/SYSTEM_TOP/Reg_file/Reg_file_reg[15][4]
  Impl DFF        i:/WORK/SYSTEM_TOP/Reg_file/Reg_file_reg[15][4]

  Ref  DFF        r:/WORK/SYSTEM_TOP/Reg_file/Reg_file_reg[15][5]
  Impl DFF        i:/WORK/SYSTEM_TOP/Reg_file/Reg_file_reg[15][5]

  Ref  DFF        r:/WORK/SYSTEM_TOP/Reg_file/Reg_file_reg[15][6]
  Impl DFF        i:/WORK/SYSTEM_TOP/Reg_file/Reg_file_reg[15][6]

  Ref  DFF        r:/WORK/SYSTEM_TOP/Reg_file/Reg_file_reg[15][7]
  Impl DFF        i:/WORK/SYSTEM_TOP/Reg_file/Reg_file_reg[15][7]

  Ref  DFF        r:/WORK/SYSTEM_TOP/Reg_file/Reg_file_reg[1][0]
  Impl DFF        i:/WORK/SYSTEM_TOP/Reg_file/Reg_file_reg[1][0]

  Ref  DFF        r:/WORK/SYSTEM_TOP/Reg_file/Reg_file_reg[1][1]
  Impl DFF        i:/WORK/SYSTEM_TOP/Reg_file/Reg_file_reg[1][1]

  Ref  DFF        r:/WORK/SYSTEM_TOP/Reg_file/Reg_file_reg[1][2]
  Impl DFF        i:/WORK/SYSTEM_TOP/Reg_file/Reg_file_reg[1][2]

  Ref  DFF        r:/WORK/SYSTEM_TOP/Reg_file/Reg_file_reg[1][3]
  Impl DFF        i:/WORK/SYSTEM_TOP/Reg_file/Reg_file_reg[1][3]

  Ref  DFF        r:/WORK/SYSTEM_TOP/Reg_file/Reg_file_reg[1][4]
  Impl DFF        i:/WORK/SYSTEM_TOP/Reg_file/Reg_file_reg[1][4]

  Ref  DFF        r:/WORK/SYSTEM_TOP/Reg_file/Reg_file_reg[1][5]
  Impl DFF        i:/WORK/SYSTEM_TOP/Reg_file/Reg_file_reg[1][5]

  Ref  DFF        r:/WORK/SYSTEM_TOP/Reg_file/Reg_file_reg[1][6]
  Impl DFF        i:/WORK/SYSTEM_TOP/Reg_file/Reg_file_reg[1][6]

  Ref  DFF        r:/WORK/SYSTEM_TOP/Reg_file/Reg_file_reg[1][7]
  Impl DFF        i:/WORK/SYSTEM_TOP/Reg_file/Reg_file_reg[1][7]

  Ref  DFF        r:/WORK/SYSTEM_TOP/Reg_file/Reg_file_reg[2][0]
  Impl DFF        i:/WORK/SYSTEM_TOP/Reg_file/Reg_file_reg[2][0]

  Ref  DFF        r:/WORK/SYSTEM_TOP/Reg_file/Reg_file_reg[2][1]
  Impl DFF        i:/WORK/SYSTEM_TOP/Reg_file/Reg_file_reg[2][1]

  Ref  DFF        r:/WORK/SYSTEM_TOP/Reg_file/Reg_file_reg[2][2]
  Impl DFF        i:/WORK/SYSTEM_TOP/Reg_file/Reg_file_reg[2][2]

  Ref  DFF        r:/WORK/SYSTEM_TOP/Reg_file/Reg_file_reg[2][3]
  Impl DFF        i:/WORK/SYSTEM_TOP/Reg_file/Reg_file_reg[2][3]

  Ref  DFF        r:/WORK/SYSTEM_TOP/Reg_file/Reg_file_reg[2][4]
  Impl DFF        i:/WORK/SYSTEM_TOP/Reg_file/Reg_file_reg[2][4]

  Ref  DFF        r:/WORK/SYSTEM_TOP/Reg_file/Reg_file_reg[2][5]
  Impl DFF        i:/WORK/SYSTEM_TOP/Reg_file/Reg_file_reg[2][5]

  Ref  DFF        r:/WORK/SYSTEM_TOP/Reg_file/Reg_file_reg[2][6]
  Impl DFF        i:/WORK/SYSTEM_TOP/Reg_file/Reg_file_reg[2][6]

  Ref  DFF        r:/WORK/SYSTEM_TOP/Reg_file/Reg_file_reg[2][7]
  Impl DFF        i:/WORK/SYSTEM_TOP/Reg_file/Reg_file_reg[2][7]

  Ref  DFF        r:/WORK/SYSTEM_TOP/Reg_file/Reg_file_reg[3][0]
  Impl DFF        i:/WORK/SYSTEM_TOP/Reg_file/Reg_file_reg[3][0]

  Ref  DFF        r:/WORK/SYSTEM_TOP/Reg_file/Reg_file_reg[3][1]
  Impl DFF        i:/WORK/SYSTEM_TOP/Reg_file/Reg_file_reg[3][1]

  Ref  DFF        r:/WORK/SYSTEM_TOP/Reg_file/Reg_file_reg[3][2]
  Impl DFF        i:/WORK/SYSTEM_TOP/Reg_file/Reg_file_reg[3][2]

  Ref  DFF        r:/WORK/SYSTEM_TOP/Reg_file/Reg_file_reg[3][3]
  Impl DFF        i:/WORK/SYSTEM_TOP/Reg_file/Reg_file_reg[3][3]

  Ref  DFF        r:/WORK/SYSTEM_TOP/Reg_file/Reg_file_reg[3][4]
  Impl DFF        i:/WORK/SYSTEM_TOP/Reg_file/Reg_file_reg[3][4]

  Ref  DFF        r:/WORK/SYSTEM_TOP/Reg_file/Reg_file_reg[3][5]
  Impl DFF        i:/WORK/SYSTEM_TOP/Reg_file/Reg_file_reg[3][5]

  Ref  DFF        r:/WORK/SYSTEM_TOP/Reg_file/Reg_file_reg[3][6]
  Impl DFF        i:/WORK/SYSTEM_TOP/Reg_file/Reg_file_reg[3][6]

  Ref  DFF        r:/WORK/SYSTEM_TOP/Reg_file/Reg_file_reg[3][7]
  Impl DFF        i:/WORK/SYSTEM_TOP/Reg_file/Reg_file_reg[3][7]

  Ref  DFF        r:/WORK/SYSTEM_TOP/Reg_file/Reg_file_reg[4][0]
  Impl DFF        i:/WORK/SYSTEM_TOP/Reg_file/Reg_file_reg[4][0]

  Ref  DFF        r:/WORK/SYSTEM_TOP/Reg_file/Reg_file_reg[4][1]
  Impl DFF        i:/WORK/SYSTEM_TOP/Reg_file/Reg_file_reg[4][1]

  Ref  DFF        r:/WORK/SYSTEM_TOP/Reg_file/Reg_file_reg[4][2]
  Impl DFF        i:/WORK/SYSTEM_TOP/Reg_file/Reg_file_reg[4][2]

  Ref  DFF        r:/WORK/SYSTEM_TOP/Reg_file/Reg_file_reg[4][3]
  Impl DFF        i:/WORK/SYSTEM_TOP/Reg_file/Reg_file_reg[4][3]

  Ref  DFF        r:/WORK/SYSTEM_TOP/Reg_file/Reg_file_reg[4][4]
  Impl DFF        i:/WORK/SYSTEM_TOP/Reg_file/Reg_file_reg[4][4]

  Ref  DFF        r:/WORK/SYSTEM_TOP/Reg_file/Reg_file_reg[4][5]
  Impl DFF        i:/WORK/SYSTEM_TOP/Reg_file/Reg_file_reg[4][5]

  Ref  DFF        r:/WORK/SYSTEM_TOP/Reg_file/Reg_file_reg[4][6]
  Impl DFF        i:/WORK/SYSTEM_TOP/Reg_file/Reg_file_reg[4][6]

  Ref  DFF        r:/WORK/SYSTEM_TOP/Reg_file/Reg_file_reg[4][7]
  Impl DFF        i:/WORK/SYSTEM_TOP/Reg_file/Reg_file_reg[4][7]

  Ref  DFF        r:/WORK/SYSTEM_TOP/Reg_file/Reg_file_reg[5][0]
  Impl DFF        i:/WORK/SYSTEM_TOP/Reg_file/Reg_file_reg[5][0]

  Ref  DFF        r:/WORK/SYSTEM_TOP/Reg_file/Reg_file_reg[5][1]
  Impl DFF        i:/WORK/SYSTEM_TOP/Reg_file/Reg_file_reg[5][1]

  Ref  DFF        r:/WORK/SYSTEM_TOP/Reg_file/Reg_file_reg[5][2]
  Impl DFF        i:/WORK/SYSTEM_TOP/Reg_file/Reg_file_reg[5][2]

  Ref  DFF        r:/WORK/SYSTEM_TOP/Reg_file/Reg_file_reg[5][3]
  Impl DFF        i:/WORK/SYSTEM_TOP/Reg_file/Reg_file_reg[5][3]

  Ref  DFF        r:/WORK/SYSTEM_TOP/Reg_file/Reg_file_reg[5][4]
  Impl DFF        i:/WORK/SYSTEM_TOP/Reg_file/Reg_file_reg[5][4]

  Ref  DFF        r:/WORK/SYSTEM_TOP/Reg_file/Reg_file_reg[5][5]
  Impl DFF        i:/WORK/SYSTEM_TOP/Reg_file/Reg_file_reg[5][5]

  Ref  DFF        r:/WORK/SYSTEM_TOP/Reg_file/Reg_file_reg[5][6]
  Impl DFF        i:/WORK/SYSTEM_TOP/Reg_file/Reg_file_reg[5][6]

  Ref  DFF        r:/WORK/SYSTEM_TOP/Reg_file/Reg_file_reg[5][7]
  Impl DFF        i:/WORK/SYSTEM_TOP/Reg_file/Reg_file_reg[5][7]

  Ref  DFF        r:/WORK/SYSTEM_TOP/Reg_file/Reg_file_reg[6][0]
  Impl DFF        i:/WORK/SYSTEM_TOP/Reg_file/Reg_file_reg[6][0]

  Ref  DFF        r:/WORK/SYSTEM_TOP/Reg_file/Reg_file_reg[6][1]
  Impl DFF        i:/WORK/SYSTEM_TOP/Reg_file/Reg_file_reg[6][1]

  Ref  DFF        r:/WORK/SYSTEM_TOP/Reg_file/Reg_file_reg[6][2]
  Impl DFF        i:/WORK/SYSTEM_TOP/Reg_file/Reg_file_reg[6][2]

  Ref  DFF        r:/WORK/SYSTEM_TOP/Reg_file/Reg_file_reg[6][3]
  Impl DFF        i:/WORK/SYSTEM_TOP/Reg_file/Reg_file_reg[6][3]

  Ref  DFF        r:/WORK/SYSTEM_TOP/Reg_file/Reg_file_reg[6][4]
  Impl DFF        i:/WORK/SYSTEM_TOP/Reg_file/Reg_file_reg[6][4]

  Ref  DFF        r:/WORK/SYSTEM_TOP/Reg_file/Reg_file_reg[6][5]
  Impl DFF        i:/WORK/SYSTEM_TOP/Reg_file/Reg_file_reg[6][5]

  Ref  DFF        r:/WORK/SYSTEM_TOP/Reg_file/Reg_file_reg[6][6]
  Impl DFF        i:/WORK/SYSTEM_TOP/Reg_file/Reg_file_reg[6][6]

  Ref  DFF        r:/WORK/SYSTEM_TOP/Reg_file/Reg_file_reg[6][7]
  Impl DFF        i:/WORK/SYSTEM_TOP/Reg_file/Reg_file_reg[6][7]

  Ref  DFF        r:/WORK/SYSTEM_TOP/Reg_file/Reg_file_reg[7][0]
  Impl DFF        i:/WORK/SYSTEM_TOP/Reg_file/Reg_file_reg[7][0]

  Ref  DFF        r:/WORK/SYSTEM_TOP/Reg_file/Reg_file_reg[7][1]
  Impl DFF        i:/WORK/SYSTEM_TOP/Reg_file/Reg_file_reg[7][1]

  Ref  DFF        r:/WORK/SYSTEM_TOP/Reg_file/Reg_file_reg[7][2]
  Impl DFF        i:/WORK/SYSTEM_TOP/Reg_file/Reg_file_reg[7][2]

  Ref  DFF        r:/WORK/SYSTEM_TOP/Reg_file/Reg_file_reg[7][3]
  Impl DFF        i:/WORK/SYSTEM_TOP/Reg_file/Reg_file_reg[7][3]

  Ref  DFF        r:/WORK/SYSTEM_TOP/Reg_file/Reg_file_reg[7][4]
  Impl DFF        i:/WORK/SYSTEM_TOP/Reg_file/Reg_file_reg[7][4]

  Ref  DFF        r:/WORK/SYSTEM_TOP/Reg_file/Reg_file_reg[7][5]
  Impl DFF        i:/WORK/SYSTEM_TOP/Reg_file/Reg_file_reg[7][5]

  Ref  DFF        r:/WORK/SYSTEM_TOP/Reg_file/Reg_file_reg[7][6]
  Impl DFF        i:/WORK/SYSTEM_TOP/Reg_file/Reg_file_reg[7][6]

  Ref  DFF        r:/WORK/SYSTEM_TOP/Reg_file/Reg_file_reg[7][7]
  Impl DFF        i:/WORK/SYSTEM_TOP/Reg_file/Reg_file_reg[7][7]

  Ref  DFF        r:/WORK/SYSTEM_TOP/Reg_file/Reg_file_reg[8][0]
  Impl DFF        i:/WORK/SYSTEM_TOP/Reg_file/Reg_file_reg[8][0]

  Ref  DFF        r:/WORK/SYSTEM_TOP/Reg_file/Reg_file_reg[8][1]
  Impl DFF        i:/WORK/SYSTEM_TOP/Reg_file/Reg_file_reg[8][1]

  Ref  DFF        r:/WORK/SYSTEM_TOP/Reg_file/Reg_file_reg[8][2]
  Impl DFF        i:/WORK/SYSTEM_TOP/Reg_file/Reg_file_reg[8][2]

  Ref  DFF        r:/WORK/SYSTEM_TOP/Reg_file/Reg_file_reg[8][3]
  Impl DFF        i:/WORK/SYSTEM_TOP/Reg_file/Reg_file_reg[8][3]

  Ref  DFF        r:/WORK/SYSTEM_TOP/Reg_file/Reg_file_reg[8][4]
  Impl DFF        i:/WORK/SYSTEM_TOP/Reg_file/Reg_file_reg[8][4]

  Ref  DFF        r:/WORK/SYSTEM_TOP/Reg_file/Reg_file_reg[8][5]
  Impl DFF        i:/WORK/SYSTEM_TOP/Reg_file/Reg_file_reg[8][5]

  Ref  DFF        r:/WORK/SYSTEM_TOP/Reg_file/Reg_file_reg[8][6]
  Impl DFF        i:/WORK/SYSTEM_TOP/Reg_file/Reg_file_reg[8][6]

  Ref  DFF        r:/WORK/SYSTEM_TOP/Reg_file/Reg_file_reg[8][7]
  Impl DFF        i:/WORK/SYSTEM_TOP/Reg_file/Reg_file_reg[8][7]

  Ref  DFF        r:/WORK/SYSTEM_TOP/Reg_file/Reg_file_reg[9][0]
  Impl DFF        i:/WORK/SYSTEM_TOP/Reg_file/Reg_file_reg[9][0]

  Ref  DFF        r:/WORK/SYSTEM_TOP/Reg_file/Reg_file_reg[9][1]
  Impl DFF        i:/WORK/SYSTEM_TOP/Reg_file/Reg_file_reg[9][1]

  Ref  DFF        r:/WORK/SYSTEM_TOP/Reg_file/Reg_file_reg[9][2]
  Impl DFF        i:/WORK/SYSTEM_TOP/Reg_file/Reg_file_reg[9][2]

  Ref  DFF        r:/WORK/SYSTEM_TOP/Reg_file/Reg_file_reg[9][3]
  Impl DFF        i:/WORK/SYSTEM_TOP/Reg_file/Reg_file_reg[9][3]

  Ref  DFF        r:/WORK/SYSTEM_TOP/Reg_file/Reg_file_reg[9][4]
  Impl DFF        i:/WORK/SYSTEM_TOP/Reg_file/Reg_file_reg[9][4]

  Ref  DFF        r:/WORK/SYSTEM_TOP/Reg_file/Reg_file_reg[9][5]
  Impl DFF        i:/WORK/SYSTEM_TOP/Reg_file/Reg_file_reg[9][5]

  Ref  DFF        r:/WORK/SYSTEM_TOP/Reg_file/Reg_file_reg[9][6]
  Impl DFF        i:/WORK/SYSTEM_TOP/Reg_file/Reg_file_reg[9][6]

  Ref  DFF        r:/WORK/SYSTEM_TOP/Reg_file/Reg_file_reg[9][7]
  Impl DFF        i:/WORK/SYSTEM_TOP/Reg_file/Reg_file_reg[9][7]

  Ref  DFF        r:/WORK/SYSTEM_TOP/SYSTEM_CONTROL/W_DATA_2_reg[0]
  Impl DFF        i:/WORK/SYSTEM_TOP/SYSTEM_CONTROL/W_DATA_2_reg[0]

  Ref  DFF        r:/WORK/SYSTEM_TOP/SYSTEM_CONTROL/W_DATA_2_reg[1]
  Impl DFF        i:/WORK/SYSTEM_TOP/SYSTEM_CONTROL/W_DATA_2_reg[1]

  Ref  DFF        r:/WORK/SYSTEM_TOP/SYSTEM_CONTROL/W_DATA_2_reg[2]
  Impl DFF        i:/WORK/SYSTEM_TOP/SYSTEM_CONTROL/W_DATA_2_reg[2]

  Ref  DFF        r:/WORK/SYSTEM_TOP/SYSTEM_CONTROL/W_DATA_2_reg[3]
  Impl DFF        i:/WORK/SYSTEM_TOP/SYSTEM_CONTROL/W_DATA_2_reg[3]

  Ref  DFF        r:/WORK/SYSTEM_TOP/SYSTEM_CONTROL/W_DATA_2_reg[4]
  Impl DFF        i:/WORK/SYSTEM_TOP/SYSTEM_CONTROL/W_DATA_2_reg[4]

  Ref  DFF        r:/WORK/SYSTEM_TOP/SYSTEM_CONTROL/W_DATA_2_reg[5]
  Impl DFF        i:/WORK/SYSTEM_TOP/SYSTEM_CONTROL/W_DATA_2_reg[5]

  Ref  DFF        r:/WORK/SYSTEM_TOP/SYSTEM_CONTROL/W_DATA_2_reg[6]
  Impl DFF        i:/WORK/SYSTEM_TOP/SYSTEM_CONTROL/W_DATA_2_reg[6]

  Ref  DFF        r:/WORK/SYSTEM_TOP/SYSTEM_CONTROL/W_DATA_2_reg[7]
  Impl DFF        i:/WORK/SYSTEM_TOP/SYSTEM_CONTROL/W_DATA_2_reg[7]

  Ref  DFF        r:/WORK/SYSTEM_TOP/SYSTEM_CONTROL/comb_reg_address_reg[0]
  Impl DFF        i:/WORK/SYSTEM_TOP/SYSTEM_CONTROL/comb_reg_address_reg[0]

  Ref  DFF        r:/WORK/SYSTEM_TOP/SYSTEM_CONTROL/comb_reg_address_reg[1]
  Impl DFF        i:/WORK/SYSTEM_TOP/SYSTEM_CONTROL/comb_reg_address_reg[1]

  Ref  DFF        r:/WORK/SYSTEM_TOP/SYSTEM_CONTROL/comb_reg_address_reg[2]
  Impl DFF        i:/WORK/SYSTEM_TOP/SYSTEM_CONTROL/comb_reg_address_reg[2]

  Ref  DFF        r:/WORK/SYSTEM_TOP/SYSTEM_CONTROL/comb_reg_address_reg[3]
  Impl DFF        i:/WORK/SYSTEM_TOP/SYSTEM_CONTROL/comb_reg_address_reg[3]

  Ref  DFF        r:/WORK/SYSTEM_TOP/SYSTEM_CONTROL/current_state_reg[0]
  Impl DFF        i:/WORK/SYSTEM_TOP/SYSTEM_CONTROL/current_state_reg[0]

  Ref  DFF        r:/WORK/SYSTEM_TOP/SYSTEM_CONTROL/current_state_reg[1]
  Impl DFF        i:/WORK/SYSTEM_TOP/SYSTEM_CONTROL/current_state_reg[1]

  Ref  DFF        r:/WORK/SYSTEM_TOP/SYSTEM_CONTROL/current_state_reg[2]
  Impl DFF        i:/WORK/SYSTEM_TOP/SYSTEM_CONTROL/current_state_reg[2]

  Ref  DFF        r:/WORK/SYSTEM_TOP/SYS_UART_TOP/UART_RX_TOP/Bit_counter/bit_count_reg[0]
  Impl DFF        i:/WORK/SYSTEM_TOP/SYS_UART_TOP/UART_RX_TOP/Bit_counter/bit_count_reg[0]

  Ref  DFF        r:/WORK/SYSTEM_TOP/SYS_UART_TOP/UART_RX_TOP/Bit_counter/bit_count_reg[1]
  Impl DFF        i:/WORK/SYSTEM_TOP/SYS_UART_TOP/UART_RX_TOP/Bit_counter/bit_count_reg[1]

  Ref  DFF        r:/WORK/SYSTEM_TOP/SYS_UART_TOP/UART_RX_TOP/Bit_counter/bit_count_reg[2]
  Impl DFF        i:/WORK/SYSTEM_TOP/SYS_UART_TOP/UART_RX_TOP/Bit_counter/bit_count_reg[2]

  Ref  DFF        r:/WORK/SYSTEM_TOP/SYS_UART_TOP/UART_RX_TOP/Bit_counter/bit_count_reg[3]
  Impl DFF        i:/WORK/SYSTEM_TOP/SYS_UART_TOP/UART_RX_TOP/Bit_counter/bit_count_reg[3]

  Ref  DFF        r:/WORK/SYSTEM_TOP/SYS_UART_TOP/UART_RX_TOP/Bit_counter/edge_count_reg[0]
  Impl DFF        i:/WORK/SYSTEM_TOP/SYS_UART_TOP/UART_RX_TOP/Bit_counter/edge_count_reg[0]

  Ref  DFF        r:/WORK/SYSTEM_TOP/SYS_UART_TOP/UART_RX_TOP/Bit_counter/edge_count_reg[1]
  Impl DFF        i:/WORK/SYSTEM_TOP/SYS_UART_TOP/UART_RX_TOP/Bit_counter/edge_count_reg[1]

  Ref  DFF        r:/WORK/SYSTEM_TOP/SYS_UART_TOP/UART_RX_TOP/Bit_counter/edge_count_reg[2]
  Impl DFF        i:/WORK/SYSTEM_TOP/SYS_UART_TOP/UART_RX_TOP/Bit_counter/edge_count_reg[2]

  Ref  DFF        r:/WORK/SYSTEM_TOP/SYS_UART_TOP/UART_RX_TOP/Bit_counter/edge_count_reg[3]
  Impl DFF        i:/WORK/SYSTEM_TOP/SYS_UART_TOP/UART_RX_TOP/Bit_counter/edge_count_reg[3]

  Ref  DFF        r:/WORK/SYSTEM_TOP/SYS_UART_TOP/UART_RX_TOP/Bit_counter/edge_count_reg[4]
  Impl DFF        i:/WORK/SYSTEM_TOP/SYS_UART_TOP/UART_RX_TOP/Bit_counter/edge_count_reg[4]

  Ref  DFF        r:/WORK/SYSTEM_TOP/SYS_UART_TOP/UART_RX_TOP/Bit_counter/edge_count_reg[5]
  Impl DFF        i:/WORK/SYSTEM_TOP/SYS_UART_TOP/UART_RX_TOP/Bit_counter/edge_count_reg[5]

  Ref  DFF        r:/WORK/SYSTEM_TOP/SYS_UART_TOP/UART_RX_TOP/Data_Sampling/Sampled_Bit_reg
  Impl DFF        i:/WORK/SYSTEM_TOP/SYS_UART_TOP/UART_RX_TOP/Data_Sampling/Sampled_Bit_reg

  Ref  DFF        r:/WORK/SYSTEM_TOP/SYS_UART_TOP/UART_RX_TOP/Data_Sampling/sampled_bit_1_reg
  Impl DFF        i:/WORK/SYSTEM_TOP/SYS_UART_TOP/UART_RX_TOP/Data_Sampling/sampled_bit_1_reg

  Ref  DFF        r:/WORK/SYSTEM_TOP/SYS_UART_TOP/UART_RX_TOP/Data_Sampling/sampled_bit_2_reg
  Impl DFF        i:/WORK/SYSTEM_TOP/SYS_UART_TOP/UART_RX_TOP/Data_Sampling/sampled_bit_2_reg

  Ref  DFF        r:/WORK/SYSTEM_TOP/SYS_UART_TOP/UART_RX_TOP/Data_Sampling/sampled_bit_3_reg
  Impl DFF        i:/WORK/SYSTEM_TOP/SYS_UART_TOP/UART_RX_TOP/Data_Sampling/sampled_bit_3_reg

  Ref  DFF        r:/WORK/SYSTEM_TOP/SYS_UART_TOP/UART_RX_TOP/Deserializer/DATA_reg[0]
  Impl DFF        i:/WORK/SYSTEM_TOP/SYS_UART_TOP/UART_RX_TOP/Deserializer/DATA_reg[0]

  Ref  DFF        r:/WORK/SYSTEM_TOP/SYS_UART_TOP/UART_RX_TOP/Deserializer/DATA_reg[1]
  Impl DFF        i:/WORK/SYSTEM_TOP/SYS_UART_TOP/UART_RX_TOP/Deserializer/DATA_reg[1]

  Ref  DFF        r:/WORK/SYSTEM_TOP/SYS_UART_TOP/UART_RX_TOP/Deserializer/DATA_reg[2]
  Impl DFF        i:/WORK/SYSTEM_TOP/SYS_UART_TOP/UART_RX_TOP/Deserializer/DATA_reg[2]

  Ref  DFF        r:/WORK/SYSTEM_TOP/SYS_UART_TOP/UART_RX_TOP/Deserializer/DATA_reg[3]
  Impl DFF        i:/WORK/SYSTEM_TOP/SYS_UART_TOP/UART_RX_TOP/Deserializer/DATA_reg[3]

  Ref  DFF        r:/WORK/SYSTEM_TOP/SYS_UART_TOP/UART_RX_TOP/Deserializer/DATA_reg[4]
  Impl DFF        i:/WORK/SYSTEM_TOP/SYS_UART_TOP/UART_RX_TOP/Deserializer/DATA_reg[4]

  Ref  DFF        r:/WORK/SYSTEM_TOP/SYS_UART_TOP/UART_RX_TOP/Deserializer/DATA_reg[5]
  Impl DFF        i:/WORK/SYSTEM_TOP/SYS_UART_TOP/UART_RX_TOP/Deserializer/DATA_reg[5]

  Ref  DFF        r:/WORK/SYSTEM_TOP/SYS_UART_TOP/UART_RX_TOP/Deserializer/DATA_reg[6]
  Impl DFF        i:/WORK/SYSTEM_TOP/SYS_UART_TOP/UART_RX_TOP/Deserializer/DATA_reg[6]

  Ref  DFF        r:/WORK/SYSTEM_TOP/SYS_UART_TOP/UART_RX_TOP/Deserializer/DATA_reg[7]
  Impl DFF        i:/WORK/SYSTEM_TOP/SYS_UART_TOP/UART_RX_TOP/Deserializer/DATA_reg[7]

  Ref  DFF        r:/WORK/SYSTEM_TOP/SYS_UART_TOP/UART_RX_TOP/Deserializer/parity_flag_reg
  Impl DFF        i:/WORK/SYSTEM_TOP/SYS_UART_TOP/UART_RX_TOP/Deserializer/parity_flag_reg

  Ref  DFF        r:/WORK/SYSTEM_TOP/SYS_UART_TOP/UART_RX_TOP/FSM/current_state_reg[0]
  Impl DFF        i:/WORK/SYSTEM_TOP/SYS_UART_TOP/UART_RX_TOP/FSM/current_state_reg[0]

  Ref  DFF        r:/WORK/SYSTEM_TOP/SYS_UART_TOP/UART_RX_TOP/FSM/current_state_reg[1]
  Impl DFF        i:/WORK/SYSTEM_TOP/SYS_UART_TOP/UART_RX_TOP/FSM/current_state_reg[1]

  Ref  DFF        r:/WORK/SYSTEM_TOP/SYS_UART_TOP/UART_RX_TOP/FSM/current_state_reg[2]
  Impl DFF        i:/WORK/SYSTEM_TOP/SYS_UART_TOP/UART_RX_TOP/FSM/current_state_reg[2]

  Ref  DFF        r:/WORK/SYSTEM_TOP/SYS_UART_TOP/UART_RX_TOP/Parity_Check/Parity_error_reg
  Impl DFF        i:/WORK/SYSTEM_TOP/SYS_UART_TOP/UART_RX_TOP/Parity_Check/Parity_error_reg

  Ref  DFF        r:/WORK/SYSTEM_TOP/SYS_UART_TOP/UART_RX_TOP/Start_Check/Start_glitch_reg
  Impl DFF        i:/WORK/SYSTEM_TOP/SYS_UART_TOP/UART_RX_TOP/Start_Check/Start_glitch_reg

  Ref  DFF        r:/WORK/SYSTEM_TOP/SYS_UART_TOP/UART_RX_TOP/Stop_Check/Stop_error_reg
  Impl DFF        i:/WORK/SYSTEM_TOP/SYS_UART_TOP/UART_RX_TOP/Stop_Check/Stop_error_reg

  Ref  DFF        r:/WORK/SYSTEM_TOP/SYS_UART_TOP/UART_TX_TOP/FSM/current_state_reg[0]
  Impl DFF        i:/WORK/SYSTEM_TOP/SYS_UART_TOP/UART_TX_TOP/FSM/current_state_reg[0]

  Ref  DFF        r:/WORK/SYSTEM_TOP/SYS_UART_TOP/UART_TX_TOP/FSM/current_state_reg[1]
  Impl DFF        i:/WORK/SYSTEM_TOP/SYS_UART_TOP/UART_TX_TOP/FSM/current_state_reg[1]

  Ref  DFF        r:/WORK/SYSTEM_TOP/SYS_UART_TOP/UART_TX_TOP/FSM/current_state_reg[2]
  Impl DFF        i:/WORK/SYSTEM_TOP/SYS_UART_TOP/UART_TX_TOP/FSM/current_state_reg[2]

  Ref  DFF        r:/WORK/SYSTEM_TOP/SYS_UART_TOP/UART_TX_TOP/serial/P_DATA_COMP_reg[0]
  Impl DFF        i:/WORK/SYSTEM_TOP/SYS_UART_TOP/UART_TX_TOP/serial/P_DATA_COMP_reg[0]

  Ref  DFF        r:/WORK/SYSTEM_TOP/SYS_UART_TOP/UART_TX_TOP/serial/P_DATA_COMP_reg[1]
  Impl DFF        i:/WORK/SYSTEM_TOP/SYS_UART_TOP/UART_TX_TOP/serial/P_DATA_COMP_reg[1]

  Ref  DFF        r:/WORK/SYSTEM_TOP/SYS_UART_TOP/UART_TX_TOP/serial/P_DATA_COMP_reg[2]
  Impl DFF        i:/WORK/SYSTEM_TOP/SYS_UART_TOP/UART_TX_TOP/serial/P_DATA_COMP_reg[2]

  Ref  DFF        r:/WORK/SYSTEM_TOP/SYS_UART_TOP/UART_TX_TOP/serial/P_DATA_COMP_reg[3]
  Impl DFF        i:/WORK/SYSTEM_TOP/SYS_UART_TOP/UART_TX_TOP/serial/P_DATA_COMP_reg[3]

  Ref  DFF        r:/WORK/SYSTEM_TOP/SYS_UART_TOP/UART_TX_TOP/serial/P_DATA_COMP_reg[4]
  Impl DFF        i:/WORK/SYSTEM_TOP/SYS_UART_TOP/UART_TX_TOP/serial/P_DATA_COMP_reg[4]

  Ref  DFF        r:/WORK/SYSTEM_TOP/SYS_UART_TOP/UART_TX_TOP/serial/P_DATA_COMP_reg[5]
  Impl DFF        i:/WORK/SYSTEM_TOP/SYS_UART_TOP/UART_TX_TOP/serial/P_DATA_COMP_reg[5]

  Ref  DFF        r:/WORK/SYSTEM_TOP/SYS_UART_TOP/UART_TX_TOP/serial/P_DATA_COMP_reg[6]
  Impl DFF        i:/WORK/SYSTEM_TOP/SYS_UART_TOP/UART_TX_TOP/serial/P_DATA_COMP_reg[6]

  Ref  DFF        r:/WORK/SYSTEM_TOP/SYS_UART_TOP/UART_TX_TOP/serial/P_DATA_COMP_reg[7]
  Impl DFF        i:/WORK/SYSTEM_TOP/SYS_UART_TOP/UART_TX_TOP/serial/P_DATA_COMP_reg[7]

  Ref  DFF        r:/WORK/SYSTEM_TOP/SYS_UART_TOP/UART_TX_TOP/serial/counter_reg[0]
  Impl DFF        i:/WORK/SYSTEM_TOP/SYS_UART_TOP/UART_TX_TOP/serial/counter_reg[0]

  Ref  DFF        r:/WORK/SYSTEM_TOP/SYS_UART_TOP/UART_TX_TOP/serial/counter_reg[1]
  Impl DFF        i:/WORK/SYSTEM_TOP/SYS_UART_TOP/UART_TX_TOP/serial/counter_reg[1]

  Ref  DFF        r:/WORK/SYSTEM_TOP/SYS_UART_TOP/UART_TX_TOP/serial/counter_reg[2]
  Impl DFF        i:/WORK/SYSTEM_TOP/SYS_UART_TOP/UART_TX_TOP/serial/counter_reg[2]

  Ref  Port       r:/WORK/SYSTEM_TOP/Parity_error
  Impl Port       i:/WORK/SYSTEM_TOP/Parity_error

  Ref  Port       r:/WORK/SYSTEM_TOP/Stop_error
  Impl Port       i:/WORK/SYSTEM_TOP/Stop_error

  Ref  Port       r:/WORK/SYSTEM_TOP/Tx_OUT
  Impl Port       i:/WORK/SYSTEM_TOP/Tx_OUT

 [BBNet: multiply-driven net
  BBPin: black-box pin
  Cut:   cut-point
  DFF:   non-constant DFF register
  DFF0:  constant 0 DFF register
  DFF1:  constant 1 DFF register
  DFFX:  constant X DFF register
  DFF0X: constrained 0X DFF register
  DFF1X: constrained 1X DFF register
  LAT:   non-constant latch register
  LAT0:  constant 0 latch register
  LAT1:  constant 1 latch register
  LATX:  constant X latch register
  LAT0X: constrained 0X latch register
  LAT1X: constrained 1X latch register
  LATCG: clock-gating latch register
  TLA:   transparent latch register
  TLA0X: transparent constrained 0X latch register
  TLA1X: transparent constrained 1X latch register
  Loop:  cycle break point
  Port:  primary (top-level) port
  Und:   undriven signal cut-point
  Unk:   unknown signal cut-point]

1
