 
****************************************
Report : area
Design : UART_TOP
Version: K-2015.06
Date   : Fri Jul 26 03:52:35 2024
****************************************

Library(s) Used:

    scmetro_tsmc_cl013g_rvt_ss_1p08v_125c (File: /home/IC/Labs/Ass_Syn_2.0/std_cells/scmetro_tsmc_cl013g_rvt_ss_1p08v_125c.db)

Number of ports:                           55
Number of nets:                            99
Number of cells:                           47
Number of combinational cells:             37
Number of sequential cells:                 6
Number of macros/black boxes:               0
Number of buf/inv:                          8
Number of references:                       6

Combinational area:                353.010003
Buf/Inv area:                       37.654401
Noncombinational area:             172.974901
Macro/Black Box area:                0.000000
Net Interconnect area:           16240.081665

Total cell area:                   525.984904
Total area:                      16766.066569

Hierarchical area distribution
------------------------------

                                  Global cell area          Local cell area
                                  ------------------  --------------------------- 
Hierarchical cell                 Absolute   Percent  Combi-    Noncombi-  Black-
                                  Total      Total    national  national   boxes   Design
--------------------------------  ---------  -------  --------  ---------  ------  -----------
UART_TOP                           525.9849    100.0    8.2369     0.0000  0.0000  UART_TOP
FSM                                183.5652     34.9   96.4894    87.0758  0.0000  FSM
MUX                                 18.8272      3.6   18.8272     0.0000  0.0000  MUX
parity                              92.9593     17.7   92.9593     0.0000  0.0000  parity_calc
serial                             222.3963     42.3  136.4972    85.8991  0.0000  serializer
--------------------------------  ---------  -------  --------  ---------  ------  -----------
Total                                                 353.0100   172.9749  0.0000

1
