 
****************************************
Report : area
Design : UART_TOP
Version: K-2015.06
Date   : Fri Aug  2 02:34:42 2024
****************************************

Library(s) Used:

    scmetro_tsmc_cl013g_rvt_ss_1p08v_125c (File: /home/IC/Labs/Ass_DFT_1/std_cells/scmetro_tsmc_cl013g_rvt_ss_1p08v_125c.db)

Number of ports:                           75
Number of nets:                           117
Number of cells:                           47
Number of combinational cells:             35
Number of sequential cells:                 6
Number of macros/black boxes:               0
Number of buf/inv:                          4
Number of references:                       6

Combinational area:                364.777003
Buf/Inv area:                       27.064101
Noncombinational area:             216.512794
Macro/Black Box area:                0.000000
Net Interconnect area:           18340.092346

Total cell area:                   581.289798
Total area:                      18921.382144

Hierarchical area distribution
------------------------------

                                  Global cell area          Local cell area
                                  ------------------  --------------------------- 
Hierarchical cell                 Absolute   Percent  Combi-    Noncombi-  Black-
                                  Total      Total    national  national   boxes   Design
--------------------------------  ---------  -------  --------  ---------  ------  -----------------
UART_TOP                           581.2898    100.0    0.0000     0.0000  0.0000  UART_TOP
DFT_MUX_0                           12.9437      2.2   12.9437     0.0000  0.0000  DFT_MUX_1
DFT_MUX_1                           12.9437      2.2   12.9437     0.0000  0.0000  DFT_MUX_0
FSM                                195.3322     33.6   88.2525   107.0797  0.0000  FSM_test_1
MUX                                 18.8272      3.2   18.8272     0.0000  0.0000  MUX
parity                              92.9593     16.0   92.9593     0.0000  0.0000  parity_calc
serial                             248.2837     42.7  138.8506   109.4331  0.0000  serializer_test_1
--------------------------------  ---------  -------  --------  ---------  ------  -----------------
Total                                                 364.7770   216.5128  0.0000

1
