#-----------------------------------------------------------------------------
# Taiwan Semiconductor Manufacturing Company, Ltd.
#-----------------------------------------------------------------------------
#
# CADENCE LEF 5.5 Stream layer mapping table for TSMC DSD 
#
#-----------------------------------------------------------------------------
# Layer/ Object Name Layer/ Object Type Layer Number Datatype
# <t_ layerObjectName> <t_ objectType> <n_ layerNum> <n_ datatype>
METAL1		NET		        1		0
METAL1		SPNET		    2		0
METAL1		PIN		        3		0
METAL1		LEFPIN		    4		0
METAL1		FILL		    5		0
METAL1		FILLOPC		    6		0
METAL1		VIA		        7		0
METAL1		VIAFILL		    8		0
METAL1		VIAFILLOPC		9		0
METAL1		LEFOBS		    10		0
NAME		METAL1/NET		11		0
NAME		METAL1/SPNET	12		0
NAME		METAL1/PIN		13		0
NAME		METAL1/LEFPIN	14		0
VIA12		LEFPIN		    15		0
VIA12		FILL		    16		0
VIA12		FILLOPC		    17		0
VIA12		VIA		        18		0
VIA12		VIAFILL		    19		0
VIA12		VIAFILLOPC		20		0
METAL2		NET		        21		0
METAL2		SPNET		    22		0
METAL2		PIN		        23		0
METAL2		LEFPIN		    24		0
METAL2		FILL		    25		0
METAL2		FILLOPC		    26		0
METAL2		VIA		        27		0
METAL2		VIAFILL		    28		0
METAL2		VIAFILLOPC		29		0
METAL2		LEFOBS		    30		0
NAME		METAL2/NET		31		0
NAME		METAL2/SPNET	32		0
NAME		METAL2/PIN		33		0
NAME		METAL2/LEFPIN	34		0
VIA23		LEFPIN		    35		0
VIA23		FILL		    36		0
VIA23		FILLOPC		    37		0
VIA23		VIA		        38		0
VIA23		VIAFILL		    39		0
VIA23		VIAFILLOPC		40		0
METAL3		NET		        41		0
METAL3		SPNET		    42		0
METAL3		PIN		        43		0
METAL3		LEFPIN		    44		0
METAL3		FILL		    45		0
METAL3		FILLOPC		    46		0
METAL3		VIA		        47		0
METAL3		VIAFILL		    48		0
METAL3		VIAFILLOPC		49		0
METAL3		LEFOBS		    50		0
NAME		METAL3/NET		51		0
NAME		METAL3/SPNET	52		0
NAME		METAL3/PIN		53		0
NAME		METAL3/LEFPIN	54		0
VIA34		LEFPIN		    55		0
VIA34		FILL		    56		0
VIA34		FILLOPC		    57		0
VIA34		VIA		        58		0
VIA34		VIAFILL		    59		0
VIA34		VIAFILLOPC		60		0
METAL4		NET		        61		0
METAL4		SPNET		    62		0
METAL4		PIN		        63		0
METAL4		LEFPIN		    64		0
METAL4		FILL		    65		0
METAL4		FILLOPC		    66		0
METAL4		VIA		        67		0
METAL4		VIAFILL		    68		0
METAL4		VIAFILLOPC		69		0
METAL4		LEFOBS		    70		0
NAME		METAL4/NET		71		0
NAME		METAL4/SPNET	72		0
NAME		METAL4/PIN		73		0
NAME		METAL4/LEFPIN	74		0
VIA45		LEFPIN		    75		0
VIA45		FILL		    76		0
VIA45		FILLOPC		    77		0
VIA45		VIA		        78		0
VIA45		VIAFILL		    79		0
VIA45		VIAFILLOPC		80		0
METAL5		NET		        81		0
METAL5		SPNET		    82		0
METAL5		PIN		        83		0
METAL5		LEFPIN		    84		0
METAL5		FILL		    85		0
METAL5		FILLOPC		    86		0
METAL5		VIA		        87		0
METAL5		VIAFILL		    88		0
METAL5		VIAFILLOPC		89		0
METAL5		LEFOBS		    90		0
NAME		METAL5/NET		91		0
NAME		METAL5/SPNET	92		0
NAME		METAL5/PIN		93		0
NAME		METAL5/LEFPIN	94		0
VIA56		LEFPIN		    95		0
VIA56		FILL		    96		0
VIA56		FILLOPC		    97		0
VIA56		VIA		        98		0
VIA56		VIAFILL		    99		0
VIA56		VIAFILLOPC		100		0
METAL6		NET		        101		0
METAL6		SPNET		    102		0
METAL6		PIN		        103		0
METAL6		LEFPIN		    104		0
METAL6		FILL		    105		0
METAL6		FILLOPC		    106		0
METAL6		VIA		        107		0
METAL6		VIAFILL		    108		0
METAL6		VIAFILLOPC		109		0
METAL6		LEFOBS		    110		0
NAME		METAL6/NET		111		0
NAME		METAL6/SPNET	112		0
NAME		METAL6/PIN		113		0
NAME		METAL6/LEFPIN	114		0
VIA67		LEFPIN		    115		0
VIA67		FILL		    116		0
VIA67		FILLOPC		    117		0
VIA67		VIA		        118		0
VIA67		VIAFILL		    119		0
VIA67		VIAFILLOPC		120		0
METAL7		NET		        121		0
METAL7		SPNET		    122		0
METAL7		PIN		        123		0
METAL7		LEFPIN		    124		0
METAL7		FILL		    125		0
METAL7		FILLOPC		    126		0
METAL7		VIA		        127		0
METAL7		VIAFILL		    128		0
METAL7		VIAFILLOPC		129		0
METAL7		LEFOBS		    130		0
NAME		METAL7/NET		131		0
NAME		METAL7/SPNET	132		0
NAME		METAL7/PIN		133		0
NAME		METAL7/LEFPIN	134		0
NAME		COMP		    135		0
COMP		ALL		        136		0
DIEAREA		ALL		        137		0